[debug] [2026-08-04T12:00:10.114Z] ----------------------------------------------------------------------
[debug] [2026-08-04T12:00:10.120Z] Command:       /usr/local/bin/node /usr/local/bin/firebase emulators:start --only storage --project synapsedesk-test
[debug] [2026-08-04T12:00:10.120Z] CLI Version:   15.25.1
[debug] [2026-08-04T12:00:10.120Z] Platform:      linux
[debug] [2026-08-04T12:00:10.120Z] Node Version:  v24.19.0
[debug] [2026-08-04T12:00:10.120Z] Detected Agent: unknown
[debug] [2026-08-04T12:00:10.120Z] Time:          Tue Aug 04 2026 12:00:10 GMT+0000 (Coordinated Universal Time)
[debug] [2026-08-04T12:00:10.120Z] ----------------------------------------------------------------------
[debug] 
[debug] [2026-08-04T12:00:10.727Z] > command requires scopes: ["email","openid","https://www.googleapis.com/auth/cloudplatformprojects.readonly","https://www.googleapis.com/auth/firebase","https://www.googleapis.com/auth/cloud-platform"]
[debug] Failed to authenticate, have you run firebase login?
[warn] ⚠  emulators: You are not currently authenticated so some features may not work correctly. Please run firebase login to authenticate the CLI. 
[debug] [2026-08-04T12:00:10.812Z] openjdk version "25.0.3" 2026-04-21
OpenJDK Runtime Environment (build 25.0.3+9-2-deb13u1-Debian)

[debug] [2026-08-04T12:00:10.812Z] OpenJDK 64-Bit Server VM (build 25.0.3+9-2-deb13u1-Debian, mixed mode, sharing)

[debug] [2026-08-04T12:00:10.823Z] Parsed Java major version: 25
[info] i  emulators: Starting emulators: storage {"metadata":{"emulator":{"name":"hub"},"message":"Starting emulators: storage"}}
[debug] [2026-08-04T12:00:10.826Z] [logging] Logging Emulator only supports listening on one address (127.0.0.1). Not listening on ::1
[debug] [2026-08-04T12:00:10.826Z] assigned listening specs for emulators {"user":{"storage":[{"address":"0.0.0.0","family":"IPv4","port":9199}],"hub":[{"address":"127.0.0.1","family":"IPv4","port":4400},{"address":"::1","family":"IPv6","port":4400}],"logging":[{"address":"127.0.0.1","family":"IPv4","port":4500}]},"metadata":{"message":"assigned listening specs for emulators"}}
[debug] [2026-08-04T12:00:10.828Z] Write emulator hub locator at /tmp/hub-synapsedesk-test.json
[debug] [2026-08-04T12:00:10.830Z] Ignoring unsupported arg: port {"metadata":{"emulator":{"name":"storage"},"message":"Ignoring unsupported arg: port"}}
[warn] ⚠  Unexpected rules runtime error: WARNING: A terminally deprecated method in sun.misc.Unsafe has been called
WARNING: sun.misc.Unsafe::arrayBaseOffset has been called by com.google.protobuf.UnsafeUtil$MemoryAccessor (file:/home/node/.cache/firebase/emulators/cloud-storage-rules-runtime-v1.1.3.jar)
WARNING: Please consider reporting this to the maintainers of class com.google.protobuf.UnsafeUtil$MemoryAccessor
WARNING: sun.misc.Unsafe::arrayBaseOffset will be removed in a future release
 {"metadata":{"emulator":{"name":"storage"},"message":"Unexpected rules runtime error: WARNING: A terminally deprecated method in sun.misc.Unsafe has been called\nWARNING: sun.misc.Unsafe::arrayBaseOffset has been called by com.google.protobuf.UnsafeUtil$MemoryAccessor (file:/home/node/.cache/firebase/emulators/cloud-storage-rules-runtime-v1.1.3.jar)\nWARNING: Please consider reporting this to the maintainers of class com.google.protobuf.UnsafeUtil$MemoryAccessor\nWARNING: sun.misc.Unsafe::arrayBaseOffset will be removed in a future release\n"}}
[debug] [2026-08-04T12:00:11.363Z] Temp file directory for storage emulator: /tmp/firebase/storage/blobs {"metadata":{"emulator":{"name":"storage"},"message":"Temp file directory for storage emulator: /tmp/firebase/storage/blobs"}}
[warn] ⚠  emulators: The Emulator UI is not starting because none of the running emulators have a UI component. {"metadata":{"emulator":{"name":"hub"},"message":"The Emulator UI is not starting because none of the running emulators have a UI component."}}
[debug] [2026-08-04T12:00:11.384Z] Could not find VSCode notification endpoint: TypeError: fetch failed. If you are not running the Firebase SQL Connect VSCode extension, this is expected and not an issue.
[info] 
┌─────────────────────────────────────────────────────────────┐
│ ✔  All emulators ready! It is now safe to connect your app. │
└─────────────────────────────────────────────────────────────┘

┌──────────┬──────────────┐
│ Emulator │ Host:Port    │
├──────────┼──────────────┤
│ Storage  │ 0.0.0.0:9199 │
└──────────┴──────────────┘
  Emulator Hub host: 127.0.0.1 port: 4400
  Other reserved ports: 4500

Issues? Report them at https://github.com/firebase/firebase-tools/issues and attach the *-debug.log files.
 
